[backblue.gif]
[fade.gif]
[index.html]
[offsetcode.com/themes/messenger/2.1.0/dark/assets/img/favicon/favicon.ico]
[offsetcode.com/themes/messenger/2.1.0/dark/assets/img/avatars/1.jpg]
[offsetcode.com/themes/messenger/2.1.0/dark/assets/img/avatars/6.jpg]
[offsetcode.com/themes/messenger/2.1.0/dark/assets/img/avatars/5.jpg]
[offsetcode.com/themes/messenger/2.1.0/dark/assets/img/avatars/8.jpg]
[offsetcode.com/themes/messenger/2.1.0/dark/assets/img/avatars/11.jpg]
[offsetcode.com/themes/messenger/2.1.0/dark/assets/img/avatars/4.jpg]
[offsetcode.com/themes/messenger/2.1.0/dark/assets/img/avatars/7.jpg]
[offsetcode.com/themes/messenger/2.1.0/dark/assets/img/avatars/12.jpg]
[offsetcode.com/themes/messenger/2.1.0/dark/assets/img/avatars/9.jpg]
[offsetcode.com/themes/messenger/2.1.0/dark/assets/img/demos/light.jpg]
[offsetcode.com/themes/messenger/2.1.0/dark/assets/img/demos/dark.jpg]
[offsetcode.com/themes/messenger/2.1.0/dark/assets/js/vendor.js]
[offsetcode.com/themes/messenger/2.1.0/dark/assets/js/template.js]
[offsetcode.com/themes/messenger/2.1.0/dark/index.html]
[offsetcode.com/themes/messenger/2.1.0/dark/assets/css/template.dark.bundle.css]
[offsetcode.com/themes/messenger/2.1.0/dark/assets/img/chat/1.jpg]
[offsetcode.com/themes/messenger/2.1.0/dark/assets/img/chat/2.jpg]
[offsetcode.com/themes/messenger/2.1.0/dark/assets/img/chat/3.jpg]
[offsetcode.com/themes/messenger/2.1.0/dark/assets/img/chat/media-1.jpg]
[offsetcode.com/themes/messenger/2.1.0/dark/assets/img/chat/media-2.jpg]
[offsetcode.com/themes/messenger/2.1.0/dark/assets/img/chat/media-3.jpg]
[offsetcode.com/themes/messenger/2.1.0/dark/assets/img/chat/4.jpg]
[offsetcode.com/themes/messenger/2.1.0/dark/assets/img/chat/5.jpg]
[offsetcode.com/themes/messenger/2.1.0/dark/assets/img/chat/6.jpg]
[offsetcode.com/themes/messenger/2.1.0/dark/assets/img/chat/7.jpg]
[offsetcode.com/themes/messenger/2.1.0/dark/assets/img/chat/8.jpg]
[offsetcode.com/themes/messenger/2.1.0/dark/assets/img/chat/9.jpg]
[offsetcode.com/themes/messenger/2.1.0/dark/assets/img/avatars/3.jpg]
[offsetcode.com/themes/messenger/2.1.0/dark/chat-group.html]
[offsetcode.com/themes/messenger/2.1.0/dark/assets/img/avatars/bootstrap.svg]
[offsetcode.com/themes/messenger/2.1.0/dark/assets/img/avatars/2.jpg]
[offsetcode.com/themes/messenger/2.1.0/dark/chat-direct.html]
[offsetcode.com/themes/messenger/2.1.0/dark/chat-empty.html]
[cdnjs.cloudflare.com/ajax/libs/prism/1.22.0/components/prism-core.min.js]
[cdnjs.cloudflare.com/ajax/libs/prism/1.22.0/plugins/autoloader/prism-autoloader.min.js]
[offsetcode.com/themes/messenger/2.1.0/dark/docs/index.html]
[cdnjs.cloudflare.com/ajax/libs/prism/1.22.0/plugins/normalize-whitespace/prism-normalize-whitespace.min.js]
[offsetcode.com/themes/messenger/2.1.0/dark/index-2.html]
[offsetcode.com/themes/messenger/2.1.0/dark/signin.html]
[offsetcode.com/themes/messenger/2.1.0/dark/signup.html]
[offsetcode.com/themes/messenger/2.1.0/dark/password-reset.html]
[offsetcode.com/themes/messenger/2.1.0/dark/lockscreen.html]
[offsetcode.com/themes/messenger/2.1.0/dark/assets/css/template.bundle.css]
[offsetcode.com/themes/messenger/2.1.0/dark/assets/css/docs.bundle.css]
[offsetcode.com/themes/messenger/2.1.0/dark/docs/changelog.html]
[offsetcode.com/themes/messenger/2.1.0/dark/docs/themes.html]
[offsetcode.com/themes/messenger/2.1.0/dark/docs/typography.html]
[offsetcode.com/themes/messenger/2.1.0/dark/docs/tables.html]
[offsetcode.com/themes/messenger/2.1.0/dark/docs/icons.html]
[offsetcode.com/themes/messenger/2.1.0/dark/docs/accordion.html]
[offsetcode.com/themes/messenger/2.1.0/dark/docs/alerts.html]
[offsetcode.com/themes/messenger/2.1.0/dark/docs/avatar.html]
[offsetcode.com/themes/messenger/2.1.0/dark/docs/badge.html]
[offsetcode.com/themes/messenger/2.1.0/dark/docs/buttons.html]
[offsetcode.com/themes/messenger/2.1.0/dark/docs/cards.html]
[offsetcode.com/themes/messenger/2.1.0/dark/docs/collapse.html]
[offsetcode.com/themes/messenger/2.1.0/dark/docs/dropdowns.html]
[offsetcode.com/themes/messenger/2.1.0/dark/docs/forms.html]
[offsetcode.com/themes/messenger/2.1.0/dark/docs/lists.html]
[offsetcode.com/themes/messenger/2.1.0/dark/docs/modal.html]
[offsetcode.com/themes/messenger/2.1.0/dark/docs/navs.html]
[offsetcode.com/themes/messenger/2.1.0/dark/docs/progress.html]
[offsetcode.com/themes/messenger/2.1.0/dark/docs/toasts.html]
[offsetcode.com/themes/messenger/2.1.0/dark/docs/autosize.html]
[offsetcode.com/themes/messenger/2.1.0/dark/docs/dropzonejs.html]
[offsetcode.com/themes/messenger/2.1.0/dark/docs/emoji.html]
[offsetcode.com/themes/messenger/2.1.0/dark/docs/zoom-vanilla.html]
